------------------------------------------------------------
Timing Analyzer Summary
------------------------------------------------------------

Type  : Slow 1200mV 85C Model Setup 'CLOCK_50'
Slack : -5.693
TNS   : -314.673

Type  : Slow 1200mV 85C Model Hold 'CLOCK_50'
Slack : 0.696
TNS   : 0.000

Type  : Slow 1200mV 85C Model Recovery 'CLOCK_50'
Slack : -2.333
TNS   : -40.155

Type  : Slow 1200mV 85C Model Removal 'CLOCK_50'
Slack : 1.298
TNS   : 0.000

Type  : Slow 1200mV 85C Model Minimum Pulse Width 'CLOCK_50'
Slack : -3.000
TNS   : -90.380

Type  : Slow 1200mV 0C Model Setup 'CLOCK_50'
Slack : -5.169
TNS   : -283.646

Type  : Slow 1200mV 0C Model Hold 'CLOCK_50'
Slack : 0.635
TNS   : 0.000

Type  : Slow 1200mV 0C Model Recovery 'CLOCK_50'
Slack : -2.026
TNS   : -33.995

Type  : Slow 1200mV 0C Model Removal 'CLOCK_50'
Slack : 1.185
TNS   : 0.000

Type  : Slow 1200mV 0C Model Minimum Pulse Width 'CLOCK_50'
Slack : -3.000
TNS   : -90.380

Type  : Fast 1200mV 0C Model Setup 'CLOCK_50'
Slack : -2.329
TNS   : -119.574

Type  : Fast 1200mV 0C Model Hold 'CLOCK_50'
Slack : 0.321
TNS   : 0.000

Type  : Fast 1200mV 0C Model Recovery 'CLOCK_50'
Slack : -0.634
TNS   : -8.106

Type  : Fast 1200mV 0C Model Removal 'CLOCK_50'
Slack : 0.614
TNS   : 0.000

Type  : Fast 1200mV 0C Model Minimum Pulse Width 'CLOCK_50'
Slack : -3.000
TNS   : -75.562

------------------------------------------------------------
