------------------------------------------------------------
TimeQuest Timing Analyzer Summary
------------------------------------------------------------

Type  : Slow 1200mV 85C Model Setup 'divisorGenerico:divisor1|tick'
Slack : -24.995
TNS   : -52161.946

Type  : Slow 1200mV 85C Model Setup 'CLOCK_50'
Slack : -4.321
TNS   : -56.297

Type  : Slow 1200mV 85C Model Hold 'divisorGenerico:divisor1|tick'
Slack : 0.386
TNS   : 0.000

Type  : Slow 1200mV 85C Model Hold 'CLOCK_50'
Slack : 0.638
TNS   : 0.000

Type  : Slow 1200mV 85C Model Minimum Pulse Width 'CLOCK_50'
Slack : -3.000
TNS   : -36.410

Type  : Slow 1200mV 85C Model Minimum Pulse Width 'divisorGenerico:divisor1|tick'
Slack : -2.693
TNS   : -2988.609

Type  : Slow 1200mV 0C Model Setup 'divisorGenerico:divisor1|tick'
Slack : -23.097
TNS   : -48065.175

Type  : Slow 1200mV 0C Model Setup 'CLOCK_50'
Slack : -3.902
TNS   : -48.659

Type  : Slow 1200mV 0C Model Hold 'divisorGenerico:divisor1|tick'
Slack : 0.337
TNS   : 0.000

Type  : Slow 1200mV 0C Model Hold 'CLOCK_50'
Slack : 0.584
TNS   : 0.000

Type  : Slow 1200mV 0C Model Minimum Pulse Width 'CLOCK_50'
Slack : -3.000
TNS   : -36.410

Type  : Slow 1200mV 0C Model Minimum Pulse Width 'divisorGenerico:divisor1|tick'
Slack : -2.649
TNS   : -2988.257

Type  : Fast 1200mV 0C Model Setup 'divisorGenerico:divisor1|tick'
Slack : -11.680
TNS   : -23974.202

Type  : Fast 1200mV 0C Model Setup 'CLOCK_50'
Slack : -1.681
TNS   : -14.442

Type  : Fast 1200mV 0C Model Hold 'divisorGenerico:divisor1|tick'
Slack : 0.174
TNS   : 0.000

Type  : Fast 1200mV 0C Model Hold 'CLOCK_50'
Slack : 0.291
TNS   : 0.000

Type  : Fast 1200mV 0C Model Minimum Pulse Width 'CLOCK_50'
Slack : -3.000
TNS   : -30.612

Type  : Fast 1200mV 0C Model Minimum Pulse Width 'divisorGenerico:divisor1|tick'
Slack : -1.000
TNS   : -2317.000

------------------------------------------------------------
