------------------------------------------------------------
TimeQuest Timing Analyzer Summary
------------------------------------------------------------

Type  : Slow 1200mV 85C Model Setup 'KEY[0]'
Slack : -21.308
TNS   : -45842.547

Type  : Slow 1200mV 85C Model Setup 'CLOCK_50'
Slack : -0.017
TNS   : -0.017

Type  : Slow 1200mV 85C Model Hold 'CLOCK_50'
Slack : -0.293
TNS   : -0.293

Type  : Slow 1200mV 85C Model Hold 'KEY[0]'
Slack : 0.384
TNS   : 0.000

Type  : Slow 1200mV 85C Model Minimum Pulse Width 'KEY[0]'
Slack : -3.000
TNS   : -2987.754

Type  : Slow 1200mV 85C Model Minimum Pulse Width 'CLOCK_50'
Slack : -3.000
TNS   : -4.285

Type  : Slow 1200mV 0C Model Setup 'KEY[0]'
Slack : -19.563
TNS   : -42069.153

Type  : Slow 1200mV 0C Model Setup 'CLOCK_50'
Slack : 0.075
TNS   : 0.000

Type  : Slow 1200mV 0C Model Hold 'CLOCK_50'
Slack : -0.166
TNS   : -0.166

Type  : Slow 1200mV 0C Model Hold 'KEY[0]'
Slack : 0.336
TNS   : 0.000

Type  : Slow 1200mV 0C Model Minimum Pulse Width 'KEY[0]'
Slack : -3.000
TNS   : -2987.402

Type  : Slow 1200mV 0C Model Minimum Pulse Width 'CLOCK_50'
Slack : -3.000
TNS   : -4.285

Type  : Fast 1200mV 0C Model Setup 'KEY[0]'
Slack : -9.799
TNS   : -20811.405

Type  : Fast 1200mV 0C Model Setup 'CLOCK_50'
Slack : -0.076
TNS   : -0.076

Type  : Fast 1200mV 0C Model Hold 'CLOCK_50'
Slack : -0.368
TNS   : -0.368

Type  : Fast 1200mV 0C Model Hold 'KEY[0]'
Slack : 0.173
TNS   : 0.000

Type  : Fast 1200mV 0C Model Minimum Pulse Width 'KEY[0]'
Slack : -3.000
TNS   : -2557.622

Type  : Fast 1200mV 0C Model Minimum Pulse Width 'CLOCK_50'
Slack : -3.000
TNS   : -4.000

------------------------------------------------------------
